// Jest Snapshot v1, https://goo.gl/fbAQLP

exports[`Text jest snapshots should be working 1`] = `
<Text
  accessible={true}
  allowFontScaling={true}
  ellipsizeMode="tail"
>
  I am text!
</Text>
`;
